Performing C SOURCE FILE Test CMAKE_HAVE_LIBC_PTHREAD failed with the following output:
Change Dir: /home/runner/workspace/app/.cxx/Release/1g2j702x/arm64-v8a/CMakeFiles/CMakeTmp

Run Build Command(s):/home/runner/workspace/.android-sdk/cmake/3.22.1/bin/ninja cmTC_f94b3 && [1/2] Building C object CMakeFiles/cmTC_f94b3.dir/src.c.o
/home/runner/workspace/app/.cxx/Release/1g2j702x/arm64-v8a/CMakeFiles/CMakeTmp/src.c:13:3: warning: implicit declaration of function 'pthread_cancel' is invalid in C99 [-Wimplicit-function-declaration]
  pthread_cancel(thread);
  ^
1 warning generated.
[2/2] Linking C executable cmTC_f94b3
FAILED: cmTC_f94b3 
: && /home/runner/workspace/.android-sdk/ndk/25.2.9519653/toolchains/llvm/prebuilt/linux-x86_64/bin/clang --target=aarch64-none-linux-android26 --sysroot=/home/runner/workspace/.android-sdk/ndk/25.2.9519653/toolchains/llvm/prebuilt/linux-x86_64/sysroot -g -DANDROID -fdata-sections -ffunction-sections -funwind-tables -fstack-protector-strong -no-canonical-prefixes -D_FORTIFY_SOURCE=2 -Wformat -Werror=format-security    -O3 -ffast-math -fno-finite-math-only   -march=armv8-a+fp+simd -Wl,--build-id=sha1 -Wl,--no-rosegment -Wl,--fatal-warnings -Wl,--no-undefined -Qunused-arguments CMakeFiles/cmTC_f94b3.dir/src.c.o -o cmTC_f94b3  -latomic -lm && :
ld: error: undefined symbol: pthread_cancel
>>> referenced by src.c:13
>>>               CMakeFiles/cmTC_f94b3.dir/src.c.o:(main)
clang: error: linker command failed with exit code 1 (use -v to see invocation)
ninja: build stopped: subcommand failed.


Source file was:
#include <pthread.h>

static void* test_func(void* data)
{
  return data;
}

int main(void)
{
  pthread_t thread;
  pthread_create(&thread, NULL, test_func, NULL);
  pthread_detach(thread);
  pthread_cancel(thread);
  pthread_join(thread, NULL);
  pthread_atfork(NULL, NULL, NULL);
  pthread_exit(NULL);

  return 0;
}

Determining if the function pthread_create exists in the pthreads failed with the following output:
Change Dir: /home/runner/workspace/app/.cxx/Release/1g2j702x/arm64-v8a/CMakeFiles/CMakeTmp

Run Build Command(s):/home/runner/workspace/.android-sdk/cmake/3.22.1/bin/ninja cmTC_3036e && [1/2] Building C object CMakeFiles/cmTC_3036e.dir/CheckFunctionExists.c.o
[2/2] Linking C executable cmTC_3036e
FAILED: cmTC_3036e 
: && /home/runner/workspace/.android-sdk/ndk/25.2.9519653/toolchains/llvm/prebuilt/linux-x86_64/bin/clang --target=aarch64-none-linux-android26 --sysroot=/home/runner/workspace/.android-sdk/ndk/25.2.9519653/toolchains/llvm/prebuilt/linux-x86_64/sysroot -g -DANDROID -fdata-sections -ffunction-sections -funwind-tables -fstack-protector-strong -no-canonical-prefixes -D_FORTIFY_SOURCE=2 -Wformat -Werror=format-security    -O3 -ffast-math -fno-finite-math-only   -march=armv8-a+fp+simd -DCHECK_FUNCTION_EXISTS=pthread_create -Wl,--build-id=sha1 -Wl,--no-rosegment -Wl,--fatal-warnings -Wl,--no-undefined -Qunused-arguments CMakeFiles/cmTC_3036e.dir/CheckFunctionExists.c.o -o cmTC_3036e  -lpthreads  -latomic -lm && :
ld: error: unable to find library -lpthreads
clang: error: linker command failed with exit code 1 (use -v to see invocation)
ninja: build stopped: subcommand failed.



Determining if the function pthread_create exists in the pthread failed with the following output:
Change Dir: /home/runner/workspace/app/.cxx/Release/1g2j702x/arm64-v8a/CMakeFiles/CMakeTmp

Run Build Command(s):/home/runner/workspace/.android-sdk/cmake/3.22.1/bin/ninja cmTC_bdd69 && [1/2] Building C object CMakeFiles/cmTC_bdd69.dir/CheckFunctionExists.c.o
[2/2] Linking C executable cmTC_bdd69
FAILED: cmTC_bdd69 
: && /home/runner/workspace/.android-sdk/ndk/25.2.9519653/toolchains/llvm/prebuilt/linux-x86_64/bin/clang --target=aarch64-none-linux-android26 --sysroot=/home/runner/workspace/.android-sdk/ndk/25.2.9519653/toolchains/llvm/prebuilt/linux-x86_64/sysroot -g -DANDROID -fdata-sections -ffunction-sections -funwind-tables -fstack-protector-strong -no-canonical-prefixes -D_FORTIFY_SOURCE=2 -Wformat -Werror=format-security    -O3 -ffast-math -fno-finite-math-only   -march=armv8-a+fp+simd -DCHECK_FUNCTION_EXISTS=pthread_create -Wl,--build-id=sha1 -Wl,--no-rosegment -Wl,--fatal-warnings -Wl,--no-undefined -Qunused-arguments CMakeFiles/cmTC_bdd69.dir/CheckFunctionExists.c.o -o cmTC_bdd69  -lpthread  -latomic -lm && :
ld: error: unable to find library -lpthread
clang: error: linker command failed with exit code 1 (use -v to see invocation)
ninja: build stopped: subcommand failed.



